// Jest Snapshot v1, https://goo.gl/fbAQLP

exports[`PokemonPage debe de hacer match con el snapshot  1`] = `<h1> Espere por favor </h1>`;

exports[`PokemonPage debe de hacer match con el snapshot cuando cargan los pokemon 1`] = `
<div>
  <h1> ¿Quién es este Pokémon? </h1>
  <pokemon-picture-stub pokemonid="1" showpokemon="false"></pokemon-picture-stub>
  <pokemon-option-stub pokemons="[object Object],[object Object],[object Object],[object Object]"></pokemon-option-stub>
  <!--v-if-->
</div>
`;
